> Task :compileJava UP-TO-DATE
> Task :processResources UP-TO-DATE
> Task :classes UP-TO-DATE
> Task :compileTestJava UP-TO-DATE
> Task :processTestResources UP-TO-DATE
> Task :testClasses UP-TO-DATE
./gradlew : Java HotSpot(TM) 64-Bit Server VM warning: Sharing is only supported for boot loader classes because bootstrap classpath has been appended
위치 줄:1 문자:1
+ ./gradlew test --tests com.example.readys7project.domain.chat.cs.cont ...
+ ~~~~~~~~~~~~~~~~~~~~~~~~~~~~~~~~~~~~~~~~~~~~~~~~~~~~~~~~~~~~~~~~~~~~~
    + CategoryInfo          : NotSpecified: (Java HotSpot(TM...s been appended:String) [], RemoteException
    + FullyQualifiedErrorId : NativeCommandError
 

> Task :test

CsChatControllerTest > [愿由ъ옄] ?꾩껜 臾몄쓽 紐⑸줉 議고쉶 ?깃났 FAILED
    java.lang.AssertionError at CsChatControllerTest.java:146

CsChatControllerTest > ??臾몄쓽 紐⑸줉 議고쉶 ?깃났 FAILED
    java.lang.AssertionError at CsChatControllerTest.java:116

4 tests completed, 2 failed

> Task :test FAILED

FAILURE: Build failed with an exception.

* What went wrong:
Execution failed for task ':test'.
> There were failing tests. See the report at: file:///C:/Users/User/Desktop/Study/LiveChat/readys7/Readys7-project/backend/build/reports/tests/test/index.html

* Try:
> Run with --scan to get full insights.

BUILD FAILED in 4s
5 actionable tasks: 1 executed, 4 up-to-date
